Database Connection Error: could not find driverDatabase Connection Error: could not find driverDatabase Connection Error: could not find driver